
[2026-10-04 19:46:11] === NEXUS AUTO-IMPROVE #1 ===
  -> Microanimacion: feedback tactil
warning: in the working copy of '_src/02-style.css', LF will be replaced by CRLF the next time Git touches it
warning: in the working copy of 'index.html', LF will be replaced by CRLF the next time Git touches it
warning: in the working copy of '_src/02-style.css', LF will be replaced by CRLF the next time Git touches it
warning: in the working copy of 'index.html', LF will be replaced by CRLF the next time Git touches it
warning: in the working copy of 'auto-improve.sh', LF will be replaced by CRLF the next time Git touches it
warning: in the working copy of 'improve-loop.sh', LF will be replaced by CRLF the next time Git touches it
warning: in the working copy of 'nexus-improve.log', LF will be replaced by CRLF the next time Git touches it
[2026-10-04 19:46:11] OK mejora #1 - HTTP 200

[2026-10-04 19:48:18] === NEXUS AUTO-IMPROVE #2 ===
  -> Optimizacion: touch targets
sed: can't read 04-comp.css: No such file or directory
error: Could not access 'index.html'
fatal: not a git repository (or any of the parent directories): .git
fatal: not a git repository (or any of the parent directories): .git
fatal: not a git repository (or any of the parent directories): .git
[2026-10-04 19:48:18] OK mejora #2 - HTTP 200

[2026-10-04 19:50:22] === NEXUS AUTO-IMPROVE #3 ===
  -> Mejora visual: sombras OLED
sed: can't read 04-comp.css: No such file or directory
error: Could not access 'index.html'
fatal: not a git repository (or any of the parent directories): .git
fatal: not a git repository (or any of the parent directories): .git
fatal: not a git repository (or any of the parent directories): .git
[2026-10-04 19:50:22] OK mejora #3 - HTTP 200
